Number of rows affected 0
Number of rows selected 0
Number of rows deleted 0
Number of rows updated 0
Number of rows inserted 0
Number of rows affected 0
Number of rows selected 0
Number of rows deleted 0
Number of rows updated 0
Number of rows inserted 0
4
Number of rows affected 4
Number of rows selected 0
Number of rows deleted 0
Number of rows updated 0
Number of rows inserted 4
Effects not sent by comdb2 server. 
Number of rows affected 0
Number of rows selected 0
Number of rows deleted 0
Number of rows updated 0
Number of rows inserted 0
Number of rows affected 4
Number of rows selected 0
Number of rows deleted 4
Number of rows updated 0
Number of rows inserted 0
Number of rows affected 4
Number of rows selected 0
Number of rows deleted 4
Number of rows updated 0
Number of rows inserted 0
